I'm sorry, but errors were detected in your script. Please correct the
errors listed below, and try again.


File "game/script.rpy", line 89: end of line expected.
    m "Hey nice to meet you. I’m" + %(m) + ", what’s your major? "
                                  ^

File "game/script.rpy", line 297: end of line expected.
    r "Oh" + %(m) + "! So good of you to call. I was just thinking about calling you. How’ve you been?"
           ^

File "game/script.rpy", line 327: end of line expected.
    r "Hello!" + %(m) + "Come, dine with me."
               ^

Ren'Py Version: Ren'Py 8.1.3.23091805
Thu Nov  2 18:34:49 2023
